[atlas-experiences.xyz/nolan/index.html]
[backblue.gif]
[fade.gif]
[index.html]
[atlas-experiences.xyz/cdn-cgi/apps/head/vWvHkqI6PMiucyf16iiwsHKUQ_I.js]
[feds.lol/module/newww/css/app.1.delayed]
[cdn.jsdelivr.net/npm/remixicon@2.5.0/fonts/remixicon.css]
[atlas-experiences.xyz/nolan/module/newww/main.css]
[atlas-experiences.xyz/nolan/assets/vendors/animation/animate.css]
[atlas-experiences.xyz/AtlasSecond.png]
[ajax.googleapis.com/ajax/libs/jquery/3.6.0/jquery.min.js]
[atlas-experiences.xyz/nolan/script.js]
[atlas-experiences.xyz/nolan/index.html]
[atlas-experiences.xyz/cdn-cgi/apps/head/vWvHkqI6PMiucyf16iiwsHKUQ_I.html]
[feds.lol/module/newww/css/app.html]
[atlas-experiences.xyz/nolan/module/newww/main.css]
[cdn.jsdelivr.net/npm/remixicon@2.5.0/fonts/remixicondf6d.eot]
[cdn.jsdelivr.net/npm/remixicon@2.5.0/fonts/remixicondf6d.woff2]
[cdn.jsdelivr.net/npm/remixicon@2.5.0/fonts/remixicondf6d.woff]
[cdn.jsdelivr.net/npm/remixicon@2.5.0/fonts/remixicondf6d.ttf]
[cdn.jsdelivr.net/npm/remixicon@2.5.0/fonts/remixicon.css]
[atlas-experiences.xyz/nolan/assets/vendors/animation/animate.html]
[atlas-experiences.xyz/nolan/script.js]
[cdn.jsdelivr.net/npm/remixicon@2.5.0/fonts/remixicondf6d.svg]
[cdn.jsdelivr.net/npm/remixicon@2.5.0/fonts/remixicondf6d.svg]
